// Jest Snapshot v1, https://goo.gl/fbAQLP

exports[`Given the Header Component then must be rendered (take a snapshot 1`] = `
<DocumentFragment>
  <div
    class="header-container"
  >
    <header
      class="App-header"
    >
      <h1
        class="title"
      >
        Products Searcher
      </h1>
      <nav
        class="App-header__nav"
      >
        <ul
          class="App-header__list"
        >
          <li
            class="App-header__item"
          >
            <a
              class="App-header__link"
              href="/"
            >
              <p
                class="App-header__text"
              >
                HomePage
              </p>
              <span
                aria-label="home"
                class="anticon anticon-home App-header__icon"
                role="img"
              >
                <svg
                  aria-hidden="true"
                  data-icon="home"
                  fill="currentColor"
                  focusable="false"
                  height="1em"
                  viewBox="64 64 896 896"
                  width="1em"
                >
                  <path
                    d="M946.5 505L560.1 118.8l-25.9-25.9a31.5 31.5 0 00-44.4 0L77.5 505a63.9 63.9 0 00-18.8 46c.4 35.2 29.7 63.3 64.9 63.3h42.5V940h691.8V614.3h43.4c17.1 0 33.2-6.7 45.3-18.8a63.6 63.6 0 0018.7-45.3c0-17-6.7-33.1-18.8-45.2zM568 868H456V664h112v204zm217.9-325.7V868H632V640c0-22.1-17.9-40-40-40H432c-22.1 0-40 17.9-40 40v228H238.1V542.3h-96l370-369.7 23.1 23.1L882 542.3h-96.1z"
                  />
                </svg>
              </span>
            </a>
          </li>
          <li
            class="App-header__item"
          >
            <a
              class="App-header__link"
              href="/addproduct"
            >
              <p
                class="App-header__text"
              >
                Add Product
              </p>
              <span
                aria-label="file-add"
                class="anticon anticon-file-add App-header__icon"
                role="img"
              >
                <svg
                  aria-hidden="true"
                  data-icon="file-add"
                  fill="currentColor"
                  focusable="false"
                  height="1em"
                  viewBox="64 64 896 896"
                  width="1em"
                >
                  <path
                    d="M854.6 288.6L639.4 73.4c-6-6-14.1-9.4-22.6-9.4H192c-17.7 0-32 14.3-32 32v832c0 17.7 14.3 32 32 32h640c17.7 0 32-14.3 32-32V311.3c0-8.5-3.4-16.7-9.4-22.7zM790.2 326H602V137.8L790.2 326zm1.8 562H232V136h302v216a42 42 0 0042 42h216v494zM544 472c0-4.4-3.6-8-8-8h-48c-4.4 0-8 3.6-8 8v108H372c-4.4 0-8 3.6-8 8v48c0 4.4 3.6 8 8 8h108v108c0 4.4 3.6 8 8 8h48c4.4 0 8-3.6 8-8V644h108c4.4 0 8-3.6 8-8v-48c0-4.4-3.6-8-8-8H544V472z"
                  />
                </svg>
              </span>
            </a>
          </li>
          <li
            class="App-header__item"
          >
            <div
              class="search__container"
            >
              <form
                class="search__form"
              >
                <button
                  class="btn"
                  type="submit"
                >
                  <span
                    aria-label="search"
                    class="anticon anticon-search search__icon"
                    role="img"
                  >
                    <svg
                      aria-hidden="true"
                      data-icon="search"
                      fill="currentColor"
                      focusable="false"
                      height="1em"
                      viewBox="64 64 896 896"
                      width="1em"
                    >
                      <path
                        d="M909.6 854.5L649.9 594.8C690.2 542.7 712 479 712 412c0-80.2-31.3-155.4-87.9-212.1-56.6-56.7-132-87.9-212.1-87.9s-155.5 31.3-212.1 87.9C143.2 256.5 112 331.8 112 412c0 80.1 31.3 155.5 87.9 212.1C256.5 680.8 331.8 712 412 712c67 0 130.6-21.8 182.7-62l259.7 259.6a8.2 8.2 0 0011.6 0l43.6-43.5a8.2 8.2 0 000-11.6zM570.4 570.4C528 612.7 471.8 636 412 636s-116-23.3-158.4-65.6C211.3 528 188 471.8 188 412s23.3-116.1 65.6-158.4C296 211.3 352.2 188 412 188s116.1 23.2 158.4 65.6S636 352.2 636 412s-23.3 116.1-65.6 158.4z"
                      />
                    </svg>
                  </span>
                </button>
              </form>
            </div>
          </li>
        </ul>
      </nav>
    </header>
  </div>
</DocumentFragment>
`;
